QA output created by 593
1
flink: Is a directory
flink: Is a directory
flink: Is a directory
flink: Device or resource busy
