QA output created by 242
none
Inline file
Past EOF
Hole
Preallocated
Regular
Reflinked
Truncated
zlib
Inline file
Past EOF
Hole
Preallocated
Regular
Reflinked
Truncated
lzo
Inline file
Past EOF
Hole
Preallocated
Regular
Reflinked
Truncated
zstd
Inline file
Past EOF
Hole
Preallocated
Regular
Reflinked
Truncated
